{"creationTime":"2024-12-10T11:32:02.945112321Z","creationTimeInMillis":1733830322945,"lastAccessTime":"2024-12-10T11:32:02.945112321Z","lastAccessTimeInMillis":1733830322945,"lastModifiedTimeInMillis":1733830322945,"isDirectory":true,"isRegularFile":false,"path":"TEMPDIR","isSymbolicLink":false,"lastModifiedTime":"2024-12-10T11:32:02.945112321Z","isOther":false,"children":[{"creationTime":"2024-12-10T11:32:02.945112321Z","creationTimeInMillis":1733830322945,"lastAccessTime":"2024-12-10T11:32:02.945112321Z","lastAccessTimeInMillis":1733830322945,"lastModifiedTimeInMillis":1733830322945,"isDirectory":true,"isRegularFile":false,"path":"TEMPDIR/a","isSymbolicLink":false,"lastModifiedTime":"2024-12-10T11:32:02.945112321Z","isOther":false,"children":[{"creationTime":"2024-12-10T11:32:02.945112321Z","creationTimeInMillis":1733830322945,"lastAccessTime":"2024-12-10T11:32:02.945112321Z","lastAccessTimeInMillis":1733830322945,"lastModifiedTimeInMillis":1733830322955,"isDirectory":true,"isRegularFile":false,"path":"TEMPDIR/a/b","isSymbolicLink":false,"lastModifiedTime":"2024-12-10T11:32:02.955152141Z","isOther":false,"children":[{"creationTime":"2024-12-10T11:32:02.955152141Z","creationTimeInMillis":1733830322955,"lastAccessTime":"2024-12-10T11:32:02.955152141Z","lastAccessTimeInMillis":1733830322955,"lastModifiedTimeInMillis":1733830322955,"isDirectory":false,"isRegularFile":true,"path":"TEMPDIR/a/b/e","isSymbolicLink":false,"lastModifiedTime":"2024-12-10T11:32:02.955152141Z","isOther":false,"children":[]},{"creationTime":"2024-12-10T11:32:02.945112321Z","creationTimeInMillis":1733830322945,"lastAccessTime":"2024-12-10T11:32:02.945112321Z","lastAccessTimeInMillis":1733830322945,"lastModifiedTimeInMillis":1733830322955,"isDirectory":true,"isRegularFile":false,"path":"TEMPDIR/a/b/c","isSymbolicLink":false,"lastModifiedTime":"2024-12-10T11:32:02.955152141Z","isOther":false,"children":[{"creationTime":"2024-12-10T11:32:02.955152141Z","creationTimeInMillis":1733830322955,"lastAccessTime":"2024-12-10T11:32:02.955152141Z","lastAccessTimeInMillis":1733830322955,"lastModifiedTimeInMillis":1733830322955,"isDirectory":false,"isRegularFile":true,"path":"TEMPDIR/a/b/c/d","isSymbolicLink":false,"lastModifiedTime":"2024-12-10T11:32:02.955152141Z","isOther":false,"children":[]}]}]}]}]}