{"creationTime":"2024-12-10T12:06:41.273863317Z","creationTimeInMillis":1733832401273,"lastAccessTime":"2024-12-10T12:06:41.273863317Z","lastAccessTimeInMillis":1733832401273,"lastModifiedTimeInMillis":1733832401273,"isDirectory":true,"isRegularFile":false,"size":4096,"path":"TEMPDIR","isSymbolicLink":false,"lastModifiedTime":"2024-12-10T12:06:41.273863317Z","isOther":false,"children":[]}